[ERROR] 2025-06-18 13:39:49,276 django.request:log_response():246 - Internal Server Error: /api/auth/device/verify/
Traceback (most recent call last):
  File "C:\Users\vaidh\django-rpa-relay-standalone\venv\lib\site-packages\asgiref\sync.py", line 518, in thread_handler
    raise exc_info[1]
  File "C:\Users\vaidh\django-rpa-relay-standalone\venv\lib\site-packages\django\core\handlers\exception.py", line 42, in inner
    response = await get_response(request)
  File "C:\Users\vaidh\django-rpa-relay-standalone\venv\lib\site-packages\django\core\handlers\base.py", line 253, in _get_response_async
    response = await wrapped_callback(
TypeError: object HttpResponseRedirect can't be used in 'await' expression
[WARNING] 2025-06-18 13:39:50,164 django.request:log_response():246 - Not Found: /favicon.ico
[ERROR] 2025-06-18 13:43:11,569 django.request:log_response():246 - Internal Server Error: /api/auth/device/verify/
Traceback (most recent call last):
  File "C:\Users\vaidh\django-rpa-relay-standalone\venv\lib\site-packages\asgiref\sync.py", line 518, in thread_handler
    raise exc_info[1]
  File "C:\Users\vaidh\django-rpa-relay-standalone\venv\lib\site-packages\django\core\handlers\exception.py", line 42, in inner
    response = await get_response(request)
  File "C:\Users\vaidh\django-rpa-relay-standalone\venv\lib\site-packages\django\core\handlers\base.py", line 253, in _get_response_async
    response = await wrapped_callback(
TypeError: object HttpResponseRedirect can't be used in 'await' expression
[ERROR] 2025-06-18 13:45:25,484 django.request:log_response():246 - Internal Server Error: /api/auth/device/verify/
Traceback (most recent call last):
  File "C:\Users\vaidh\django-rpa-relay-standalone\venv\lib\site-packages\asgiref\sync.py", line 518, in thread_handler
    raise exc_info[1]
  File "C:\Users\vaidh\django-rpa-relay-standalone\venv\lib\site-packages\django\core\handlers\exception.py", line 42, in inner
    response = await get_response(request)
  File "C:\Users\vaidh\django-rpa-relay-standalone\venv\lib\site-packages\django\core\handlers\base.py", line 253, in _get_response_async
    response = await wrapped_callback(
TypeError: object HttpResponseRedirect can't be used in 'await' expression
[ERROR] 2025-06-18 13:48:39,421 django.request:log_response():246 - Internal Server Error: /api/device/code/generate/
Traceback (most recent call last):
  File "C:\Users\vaidh\django-rpa-relay-standalone\venv\lib\site-packages\asgiref\sync.py", line 518, in thread_handler
    raise exc_info[1]
  File "C:\Users\vaidh\django-rpa-relay-standalone\venv\lib\site-packages\django\core\handlers\exception.py", line 42, in inner
    response = await get_response(request)
  File "C:\Users\vaidh\django-rpa-relay-standalone\venv\lib\site-packages\django\core\handlers\base.py", line 253, in _get_response_async
    response = await wrapped_callback(
  File "C:\Users\vaidh\django-rpa-relay-standalone\orchestrator_api\views.py", line 331, in post
    verification_uri = request.build_absolute_absolute_uri(verification_uri_path) # Builds full URL
AttributeError: 'ASGIRequest' object has no attribute 'build_absolute_absolute_uri'
[ERROR] 2025-06-18 13:50:02,271 django.request:log_response():246 - Internal Server Error: /api/auth/device/verify/
Traceback (most recent call last):
  File "C:\Users\vaidh\django-rpa-relay-standalone\venv\lib\site-packages\asgiref\sync.py", line 518, in thread_handler
    raise exc_info[1]
  File "C:\Users\vaidh\django-rpa-relay-standalone\venv\lib\site-packages\django\core\handlers\exception.py", line 42, in inner
    response = await get_response(request)
  File "C:\Users\vaidh\django-rpa-relay-standalone\venv\lib\site-packages\django\core\handlers\base.py", line 253, in _get_response_async
    response = await wrapped_callback(
TypeError: object HttpResponseRedirect can't be used in 'await' expression
[WARNING] 2025-06-18 13:50:02,620 django.request:log_response():246 - Not Found: /favicon.ico
[ERROR] 2025-06-18 13:51:48,641 django.request:log_response():246 - Internal Server Error: /api/auth/device/verify/
Traceback (most recent call last):
  File "C:\Users\vaidh\django-rpa-relay-standalone\venv\lib\site-packages\asgiref\sync.py", line 518, in thread_handler
    raise exc_info[1]
  File "C:\Users\vaidh\django-rpa-relay-standalone\venv\lib\site-packages\django\core\handlers\exception.py", line 42, in inner
    response = await get_response(request)
  File "C:\Users\vaidh\django-rpa-relay-standalone\venv\lib\site-packages\django\core\handlers\base.py", line 265, in _get_response_async
    self.check_response(response, callback)
  File "C:\Users\vaidh\django-rpa-relay-standalone\venv\lib\site-packages\django\core\handlers\base.py", line 337, in check_response
    raise ValueError(
ValueError: The view orchestrator_api.views.view didn't return an HttpResponse object. It returned an unawaited coroutine instead. You may need to add an 'await' into your view.
[WARNING] 2025-06-18 13:55:25,621 django.request:log_response():246 - Not Found: /accounts/login/
[WARNING] 2025-06-18 13:58:48,637 django.request:log_response():246 - Not Found: /static/admin/js/theme.js
[WARNING] 2025-06-18 13:58:48,637 django.request:log_response():246 - Not Found: /static/admin/css/dark_mode.css
[WARNING] 2025-06-18 13:58:48,637 django.request:log_response():246 - Not Found: /static/admin/css/base.css
[WARNING] 2025-06-18 13:58:48,637 django.request:log_response():246 - Not Found: /static/admin/js/nav_sidebar.js
[WARNING] 2025-06-18 13:58:48,637 django.request:log_response():246 - Not Found: /static/admin/css/nav_sidebar.css
[WARNING] 2025-06-18 13:58:48,637 django.request:log_response():246 - Not Found: /static/admin/css/login.css
[WARNING] 2025-06-18 13:58:48,672 django.request:log_response():246 - Not Found: /static/admin/css/responsive.css
[WARNING] 2025-06-18 13:58:48,748 django.request:log_response():246 - Not Found: /favicon.ico
[WARNING] 2025-06-18 13:59:06,999 django.request:log_response():246 - Not Found: /static/admin/css/base.css
[WARNING] 2025-06-18 13:59:06,999 django.request:log_response():246 - Not Found: /static/admin/css/dark_mode.css
[WARNING] 2025-06-18 13:59:06,999 django.request:log_response():246 - Not Found: /static/admin/js/theme.js
[WARNING] 2025-06-18 13:59:07,011 django.request:log_response():246 - Not Found: /static/admin/css/nav_sidebar.css
[WARNING] 2025-06-18 13:59:07,011 django.request:log_response():246 - Not Found: /static/admin/css/login.css
[WARNING] 2025-06-18 13:59:07,011 django.request:log_response():246 - Not Found: /static/admin/js/nav_sidebar.js
[WARNING] 2025-06-18 13:59:07,039 django.request:log_response():246 - Not Found: /static/admin/css/responsive.css
[WARNING] 2025-06-18 14:28:07,867 django.request:log_response():246 - Not Found: /favicon.ico
[ERROR] 2025-06-18 14:28:14,692 django.request:log_response():246 - Internal Server Error: /api/auth/device/verify/
Traceback (most recent call last):
  File "C:\Users\vaidh\django-rpa-relay-standalone\venv\lib\site-packages\asgiref\sync.py", line 518, in thread_handler
    raise exc_info[1]
  File "C:\Users\vaidh\django-rpa-relay-standalone\venv\lib\site-packages\django\core\handlers\exception.py", line 42, in inner
    response = await get_response(request)
  File "C:\Users\vaidh\django-rpa-relay-standalone\venv\lib\site-packages\django\core\handlers\base.py", line 265, in _get_response_async
    self.check_response(response, callback)
  File "C:\Users\vaidh\django-rpa-relay-standalone\venv\lib\site-packages\django\core\handlers\base.py", line 337, in check_response
    raise ValueError(
ValueError: The view orchestrator_api.views.view didn't return an HttpResponse object. It returned an unawaited coroutine instead. You may need to add an 'await' into your view.
[WARNING] 2025-06-18 14:38:07,103 django.request:log_response():246 - Bad Request: /api/auth/device/verify/
[WARNING] 2025-06-18 14:38:45,147 django.request:log_response():246 - Bad Request: /api/auth/device/verify/
[ERROR] 2025-06-18 14:40:40,086 django.request:log_response():246 - Internal Server Error: /api/auth/device/verify/
Traceback (most recent call last):
  File "C:\Users\vaidh\django-rpa-relay-standalone\venv\lib\site-packages\django\contrib\sessions\backends\base.py", line 187, in _get_session
    return self._session_cache
AttributeError: 'SessionStore' object has no attribute '_session_cache'

During handling of the above exception, another exception occurred:

Traceback (most recent call last):
  File "C:\Users\vaidh\django-rpa-relay-standalone\venv\lib\site-packages\asgiref\sync.py", line 518, in thread_handler
    raise exc_info[1]
  File "C:\Users\vaidh\django-rpa-relay-standalone\venv\lib\site-packages\django\core\handlers\exception.py", line 42, in inner
    response = await get_response(request)
  File "C:\Users\vaidh\django-rpa-relay-standalone\venv\lib\site-packages\django\core\handlers\base.py", line 253, in _get_response_async
    response = await wrapped_callback(
  File "C:\Users\vaidh\django-rpa-relay-standalone\venv\lib\site-packages\django\views\generic\base.py", line 105, in view
    return self.dispatch(request, *args, **kwargs)
  File "C:\Users\vaidh\django-rpa-relay-standalone\venv\lib\site-packages\django\utils\decorators.py", line 46, in _wrapper
    return bound_method(*args, **kwargs)
  File "C:\Users\vaidh\django-rpa-relay-standalone\venv\lib\site-packages\django\contrib\auth\decorators.py", line 22, in _wrapper_view
    if test_func(request.user):
  File "C:\Users\vaidh\django-rpa-relay-standalone\venv\lib\site-packages\django\contrib\auth\decorators.py", line 51, in <lambda>
    lambda u: u.is_authenticated,
  File "C:\Users\vaidh\django-rpa-relay-standalone\venv\lib\site-packages\django\utils\functional.py", line 266, in inner
    self._setup()
  File "C:\Users\vaidh\django-rpa-relay-standalone\venv\lib\site-packages\django\utils\functional.py", line 419, in _setup
    self._wrapped = self._setupfunc()
  File "C:\Users\vaidh\django-rpa-relay-standalone\venv\lib\site-packages\django\contrib\auth\middleware.py", line 25, in <lambda>
    request.user = SimpleLazyObject(lambda: get_user(request))
  File "C:\Users\vaidh\django-rpa-relay-standalone\venv\lib\site-packages\django\contrib\auth\middleware.py", line 11, in get_user
    request._cached_user = auth.get_user(request)
  File "C:\Users\vaidh\django-rpa-relay-standalone\venv\lib\site-packages\django\contrib\auth\__init__.py", line 191, in get_user
    user_id = _get_user_session_key(request)
  File "C:\Users\vaidh\django-rpa-relay-standalone\venv\lib\site-packages\django\contrib\auth\__init__.py", line 60, in _get_user_session_key
    return get_user_model()._meta.pk.to_python(request.session[SESSION_KEY])
  File "C:\Users\vaidh\django-rpa-relay-standalone\venv\lib\site-packages\django\contrib\sessions\backends\base.py", line 53, in __getitem__
    return self._session[key]
  File "C:\Users\vaidh\django-rpa-relay-standalone\venv\lib\site-packages\django\contrib\sessions\backends\base.py", line 192, in _get_session
    self._session_cache = self.load()
  File "C:\Users\vaidh\django-rpa-relay-standalone\venv\lib\site-packages\django\contrib\sessions\backends\db.py", line 42, in load
    s = self._get_session_from_db()
  File "C:\Users\vaidh\django-rpa-relay-standalone\venv\lib\site-packages\django\contrib\sessions\backends\db.py", line 32, in _get_session_from_db
    return self.model.objects.get(
  File "C:\Users\vaidh\django-rpa-relay-standalone\venv\lib\site-packages\django\db\models\manager.py", line 87, in manager_method
    return getattr(self.get_queryset(), name)(*args, **kwargs)
  File "C:\Users\vaidh\django-rpa-relay-standalone\venv\lib\site-packages\django\db\models\query.py", line 633, in get
    num = len(clone)
  File "C:\Users\vaidh\django-rpa-relay-standalone\venv\lib\site-packages\django\db\models\query.py", line 380, in __len__
    self._fetch_all()
  File "C:\Users\vaidh\django-rpa-relay-standalone\venv\lib\site-packages\django\db\models\query.py", line 1881, in _fetch_all
    self._result_cache = list(self._iterable_class(self))
  File "C:\Users\vaidh\django-rpa-relay-standalone\venv\lib\site-packages\django\db\models\query.py", line 91, in __iter__
    results = compiler.execute_sql(
  File "C:\Users\vaidh\django-rpa-relay-standalone\venv\lib\site-packages\django\db\models\sql\compiler.py", line 1560, in execute_sql
    cursor = self.connection.cursor()
  File "C:\Users\vaidh\django-rpa-relay-standalone\venv\lib\site-packages\django\utils\asyncio.py", line 24, in inner
    raise SynchronousOnlyOperation(message)
django.core.exceptions.SynchronousOnlyOperation: You cannot call this from an async context - use a thread or sync_to_async.
[WARNING] 2025-06-18 14:43:40,968 django.request:log_response():246 - Bad Request: /api/auth/device/verify/
[ERROR] 2025-06-23 12:13:54,395 django.request:log_response():246 - Internal Server Error: /admin/
Traceback (most recent call last):
  File "C:\Users\vaidh\django-rpa-relay-standalone\venv\lib\site-packages\django\contrib\sessions\backends\base.py", line 187, in _get_session
    return self._session_cache
AttributeError: 'SessionStore' object has no attribute '_session_cache'

During handling of the above exception, another exception occurred:

Traceback (most recent call last):
  File "C:\Users\vaidh\django-rpa-relay-standalone\venv\lib\site-packages\django\db\backends\utils.py", line 89, in _execute
    return self.cursor.execute(sql, params)
  File "C:\Users\vaidh\django-rpa-relay-standalone\venv\lib\site-packages\django\db\backends\sqlite3\base.py", line 328, in execute
    return super().execute(query, params)
sqlite3.OperationalError: no such table: django_session

The above exception was the direct cause of the following exception:

Traceback (most recent call last):
  File "C:\Users\vaidh\django-rpa-relay-standalone\venv\lib\site-packages\asgiref\sync.py", line 518, in thread_handler
    raise exc_info[1]
  File "C:\Users\vaidh\django-rpa-relay-standalone\venv\lib\site-packages\django\core\handlers\exception.py", line 42, in inner
    response = await get_response(request)
  File "C:\Users\vaidh\django-rpa-relay-standalone\venv\lib\site-packages\django\core\handlers\base.py", line 253, in _get_response_async
    response = await wrapped_callback(
  File "C:\Users\vaidh\django-rpa-relay-standalone\venv\lib\site-packages\asgiref\sync.py", line 468, in __call__
    ret = await asyncio.shield(exec_coro)
  File "C:\Users\vaidh\AppData\Local\Programs\Python\Python39\lib\concurrent\futures\thread.py", line 58, in run
    result = self.fn(*self.args, **self.kwargs)
  File "C:\Users\vaidh\django-rpa-relay-standalone\venv\lib\site-packages\asgiref\sync.py", line 522, in thread_handler
    return func(*args, **kwargs)
  File "C:\Users\vaidh\django-rpa-relay-standalone\venv\lib\site-packages\django\contrib\admin\sites.py", line 261, in wrapper
    return self.admin_view(view, cacheable)(*args, **kwargs)
  File "C:\Users\vaidh\django-rpa-relay-standalone\venv\lib\site-packages\django\utils\decorators.py", line 134, in _wrapper_view
    response = view_func(request, *args, **kwargs)
  File "C:\Users\vaidh\django-rpa-relay-standalone\venv\lib\site-packages\django\views\decorators\cache.py", line 62, in _wrapper_view_func
    response = view_func(request, *args, **kwargs)
  File "C:\Users\vaidh\django-rpa-relay-standalone\venv\lib\site-packages\django\contrib\admin\sites.py", line 230, in inner
    if not self.has_permission(request):
  File "C:\Users\vaidh\django-rpa-relay-standalone\venv\lib\site-packages\django\contrib\admin\sites.py", line 203, in has_permission
    return request.user.is_active and request.user.is_staff
  File "C:\Users\vaidh\django-rpa-relay-standalone\venv\lib\site-packages\django\utils\functional.py", line 266, in inner
    self._setup()
  File "C:\Users\vaidh\django-rpa-relay-standalone\venv\lib\site-packages\django\utils\functional.py", line 419, in _setup
    self._wrapped = self._setupfunc()
  File "C:\Users\vaidh\django-rpa-relay-standalone\venv\lib\site-packages\django\contrib\auth\middleware.py", line 25, in <lambda>
    request.user = SimpleLazyObject(lambda: get_user(request))
  File "C:\Users\vaidh\django-rpa-relay-standalone\venv\lib\site-packages\django\contrib\auth\middleware.py", line 11, in get_user
    request._cached_user = auth.get_user(request)
  File "C:\Users\vaidh\django-rpa-relay-standalone\venv\lib\site-packages\django\contrib\auth\__init__.py", line 191, in get_user
    user_id = _get_user_session_key(request)
  File "C:\Users\vaidh\django-rpa-relay-standalone\venv\lib\site-packages\django\contrib\auth\__init__.py", line 60, in _get_user_session_key
    return get_user_model()._meta.pk.to_python(request.session[SESSION_KEY])
  File "C:\Users\vaidh\django-rpa-relay-standalone\venv\lib\site-packages\django\contrib\sessions\backends\base.py", line 53, in __getitem__
    return self._session[key]
  File "C:\Users\vaidh\django-rpa-relay-standalone\venv\lib\site-packages\django\contrib\sessions\backends\base.py", line 192, in _get_session
    self._session_cache = self.load()
  File "C:\Users\vaidh\django-rpa-relay-standalone\venv\lib\site-packages\django\contrib\sessions\backends\db.py", line 42, in load
    s = self._get_session_from_db()
  File "C:\Users\vaidh\django-rpa-relay-standalone\venv\lib\site-packages\django\contrib\sessions\backends\db.py", line 32, in _get_session_from_db
    return self.model.objects.get(
  File "C:\Users\vaidh\django-rpa-relay-standalone\venv\lib\site-packages\django\db\models\manager.py", line 87, in manager_method
    return getattr(self.get_queryset(), name)(*args, **kwargs)
  File "C:\Users\vaidh\django-rpa-relay-standalone\venv\lib\site-packages\django\db\models\query.py", line 633, in get
    num = len(clone)
  File "C:\Users\vaidh\django-rpa-relay-standalone\venv\lib\site-packages\django\db\models\query.py", line 380, in __len__
    self._fetch_all()
  File "C:\Users\vaidh\django-rpa-relay-standalone\venv\lib\site-packages\django\db\models\query.py", line 1881, in _fetch_all
    self._result_cache = list(self._iterable_class(self))
  File "C:\Users\vaidh\django-rpa-relay-standalone\venv\lib\site-packages\django\db\models\query.py", line 91, in __iter__
    results = compiler.execute_sql(
  File "C:\Users\vaidh\django-rpa-relay-standalone\venv\lib\site-packages\django\db\models\sql\compiler.py", line 1562, in execute_sql
    cursor.execute(sql, params)
  File "C:\Users\vaidh\django-rpa-relay-standalone\venv\lib\site-packages\django\db\backends\utils.py", line 102, in execute
    return super().execute(sql, params)
  File "C:\Users\vaidh\django-rpa-relay-standalone\venv\lib\site-packages\django\db\backends\utils.py", line 67, in execute
    return self._execute_with_wrappers(
  File "C:\Users\vaidh\django-rpa-relay-standalone\venv\lib\site-packages\django\db\backends\utils.py", line 80, in _execute_with_wrappers
    return executor(sql, params, many, context)
  File "C:\Users\vaidh\django-rpa-relay-standalone\venv\lib\site-packages\django\db\backends\utils.py", line 89, in _execute
    return self.cursor.execute(sql, params)
  File "C:\Users\vaidh\django-rpa-relay-standalone\venv\lib\site-packages\django\db\utils.py", line 91, in __exit__
    raise dj_exc_value.with_traceback(traceback) from exc_value
  File "C:\Users\vaidh\django-rpa-relay-standalone\venv\lib\site-packages\django\db\backends\utils.py", line 89, in _execute
    return self.cursor.execute(sql, params)
  File "C:\Users\vaidh\django-rpa-relay-standalone\venv\lib\site-packages\django\db\backends\sqlite3\base.py", line 328, in execute
    return super().execute(query, params)
django.db.utils.OperationalError: no such table: django_session
[WARNING] 2025-06-23 12:14:02,130 django.request:log_response():246 - Not Found: /favicon.ico
[WARNING] 2025-06-23 12:57:52,459 django.request:log_response():246 - Bad Request: /api/device-auth/initiate/
[WARNING] 2025-06-23 12:57:59,532 django.request:log_response():246 - Bad Request: /api/device-auth/initiate/
[WARNING] 2025-06-23 12:58:06,602 django.request:log_response():246 - Bad Request: /api/device-auth/initiate/
[WARNING] 2025-06-23 12:59:30,642 django.request:log_response():246 - Not Found: /api-rpa/device-auth/initiate/
[ERROR] 2025-06-23 13:01:34,179 django.request:log_response():246 - Internal Server Error: /api/device-auth/initiate/
[ERROR] 2025-06-23 13:03:18,383 django.request:log_response():246 - Internal Server Error: /api/device-auth/initiate/
[ERROR] 2025-06-23 13:04:36,691 django.request:log_response():246 - Internal Server Error: /api/device-auth/initiate/
[ERROR] 2025-06-23 13:05:34,247 django.request:log_response():246 - Internal Server Error: /api/device-auth/initiate/
[ERROR] 2025-06-23 13:11:42,074 django.request:log_response():246 - Internal Server Error: /api/device-auth/initiate/
[WARNING] 2025-06-23 13:13:40,578 django.request:log_response():246 - Not Found: /api/device-auth/token/
[WARNING] 2025-06-23 13:13:46,921 django.request:log_response():246 - Not Found: /favicon.ico
[WARNING] 2025-06-23 16:00:38,334 django.request:log_response():246 - Not Found: /favicon.ico
[WARNING] 2025-06-23 16:06:45,021 django.request:log_response():246 - Not Found: /o/authorize/
[WARNING] 2025-06-23 16:08:13,014 django.request:log_response():246 - Not Found: /o/authorize/
[WARNING] 2025-06-23 16:30:21,011 django.request:log_response():246 - Not Found: /api/file-upload/
[WARNING] 2025-06-23 16:30:53,054 django.request:log_response():246 - Not Found: /api/file-upload/
[WARNING] 2025-06-25 11:37:15,718 django.request:log_response():246 - Not Found: /favicon.ico
