[INFO] 2025-06-18 13:39:38,985 orchestrator_api.views:post():321 - Generated device code for node 60aae2ff-4012-42a8-9149-7e9649ffe342: User Code 6VAI-W5J9
[DEBUG] 2025-06-18 13:39:40,165 orchestrator_api.views:post():495 - PollDeviceTokenView: Device code 3d6ebc93... is still pending.
[DEBUG] 2025-06-18 13:39:45,177 orchestrator_api.views:post():495 - PollDeviceTokenView: Device code 3d6ebc93... is still pending.
[DEBUG] 2025-06-18 13:39:50,208 orchestrator_api.views:post():495 - PollDeviceTokenView: Device code 3d6ebc93... is still pending.
[DEBUG] 2025-06-18 13:39:55,225 orchestrator_api.views:post():495 - PollDeviceTokenView: Device code 3d6ebc93... is still pending.
[DEBUG] 2025-06-18 13:40:00,260 orchestrator_api.views:post():495 - PollDeviceTokenView: Device code 3d6ebc93... is still pending.
[DEBUG] 2025-06-18 13:40:05,299 orchestrator_api.views:post():495 - PollDeviceTokenView: Device code 3d6ebc93... is still pending.
[DEBUG] 2025-06-18 13:40:10,314 orchestrator_api.views:post():495 - PollDeviceTokenView: Device code 3d6ebc93... is still pending.
[DEBUG] 2025-06-18 13:40:15,332 orchestrator_api.views:post():495 - PollDeviceTokenView: Device code 3d6ebc93... is still pending.
[INFO] 2025-06-18 13:43:10,790 orchestrator_api.views:post():343 - Generated device code for node 60aae2ff-4012-42a8-9149-7e9649ffe342: User Code 5HDV-E7IU
[DEBUG] 2025-06-18 13:43:10,937 orchestrator_api.views:post():521 - PollDeviceTokenView: Device code 4c0f1a2c... is still pending.
[DEBUG] 2025-06-18 13:43:15,948 orchestrator_api.views:post():521 - PollDeviceTokenView: Device code 4c0f1a2c... is still pending.
[DEBUG] 2025-06-18 13:43:20,974 orchestrator_api.views:post():521 - PollDeviceTokenView: Device code 4c0f1a2c... is still pending.
[DEBUG] 2025-06-18 13:43:26,000 orchestrator_api.views:post():521 - PollDeviceTokenView: Device code 4c0f1a2c... is still pending.
[INFO] 2025-06-18 13:45:25,014 orchestrator_api.views:post():344 - Generated device code for node 60aae2ff-4012-42a8-9149-7e9649ffe342: User Code EV39-HSAW
[DEBUG] 2025-06-18 13:45:25,165 orchestrator_api.views:post():510 - PollDeviceTokenView: Device code 7ecc280a... is still pending.
[DEBUG] 2025-06-18 13:45:30,172 orchestrator_api.views:post():510 - PollDeviceTokenView: Device code 7ecc280a... is still pending.
[DEBUG] 2025-06-18 13:45:35,190 orchestrator_api.views:post():510 - PollDeviceTokenView: Device code 7ecc280a... is still pending.
[DEBUG] 2025-06-18 13:45:40,208 orchestrator_api.views:post():510 - PollDeviceTokenView: Device code 7ecc280a... is still pending.
[INFO] 2025-06-18 13:49:58,673 orchestrator_api.views:post():345 - Generated device code for node 60aae2ff-4012-42a8-9149-7e9649ffe342: User Code 8UWX-EHEK
[DEBUG] 2025-06-18 13:49:59,151 orchestrator_api.views:post():511 - PollDeviceTokenView: Device code 466efcf7... is still pending.
[DEBUG] 2025-06-18 13:50:04,170 orchestrator_api.views:post():511 - PollDeviceTokenView: Device code 466efcf7... is still pending.
[DEBUG] 2025-06-18 13:50:09,194 orchestrator_api.views:post():511 - PollDeviceTokenView: Device code 466efcf7... is still pending.
[INFO] 2025-06-18 13:51:47,169 orchestrator_api.views:post():344 - Generated device code for node 60aae2ff-4012-42a8-9149-7e9649ffe342: User Code 1723-0VQ5
[DEBUG] 2025-06-18 13:51:47,353 orchestrator_api.views:post():530 - PollDeviceTokenView: Device code c5a800f6... is still pending.
[DEBUG] 2025-06-18 13:51:52,380 orchestrator_api.views:post():530 - PollDeviceTokenView: Device code c5a800f6... is still pending.
[DEBUG] 2025-06-18 13:51:57,401 orchestrator_api.views:post():530 - PollDeviceTokenView: Device code c5a800f6... is still pending.
[DEBUG] 2025-06-18 13:52:02,943 orchestrator_api.views:post():530 - PollDeviceTokenView: Device code c5a800f6... is still pending.
[DEBUG] 2025-06-18 13:52:07,968 orchestrator_api.views:post():530 - PollDeviceTokenView: Device code c5a800f6... is still pending.
[DEBUG] 2025-06-18 13:52:12,987 orchestrator_api.views:post():530 - PollDeviceTokenView: Device code c5a800f6... is still pending.
[DEBUG] 2025-06-18 13:52:18,013 orchestrator_api.views:post():530 - PollDeviceTokenView: Device code c5a800f6... is still pending.
[DEBUG] 2025-06-18 13:52:23,040 orchestrator_api.views:post():530 - PollDeviceTokenView: Device code c5a800f6... is still pending.
[DEBUG] 2025-06-18 13:52:28,069 orchestrator_api.views:post():530 - PollDeviceTokenView: Device code c5a800f6... is still pending.
[DEBUG] 2025-06-18 13:52:33,105 orchestrator_api.views:post():530 - PollDeviceTokenView: Device code c5a800f6... is still pending.
[DEBUG] 2025-06-18 13:52:38,134 orchestrator_api.views:post():530 - PollDeviceTokenView: Device code c5a800f6... is still pending.
[DEBUG] 2025-06-18 13:52:43,157 orchestrator_api.views:post():530 - PollDeviceTokenView: Device code c5a800f6... is still pending.
[INFO] 2025-06-18 13:55:24,775 orchestrator_api.views:post():345 - Generated device code for node 60aae2ff-4012-42a8-9149-7e9649ffe342: User Code LWO5-0BLJ
[DEBUG] 2025-06-18 13:55:24,935 orchestrator_api.views:post():536 - PollDeviceTokenView: Device code 1b0710e7... is still pending.
[DEBUG] 2025-06-18 13:55:29,957 orchestrator_api.views:post():536 - PollDeviceTokenView: Device code 1b0710e7... is still pending.
[DEBUG] 2025-06-18 13:55:34,985 orchestrator_api.views:post():536 - PollDeviceTokenView: Device code 1b0710e7... is still pending.
[DEBUG] 2025-06-18 13:55:40,066 orchestrator_api.views:post():536 - PollDeviceTokenView: Device code 1b0710e7... is still pending.
[DEBUG] 2025-06-18 13:55:45,075 orchestrator_api.views:post():536 - PollDeviceTokenView: Device code 1b0710e7... is still pending.
[INFO] 2025-06-18 13:58:45,512 orchestrator_api.views:post():345 - Generated device code for node 60aae2ff-4012-42a8-9149-7e9649ffe342: User Code ELCE-TBPO
[DEBUG] 2025-06-18 13:58:45,676 orchestrator_api.views:post():536 - PollDeviceTokenView: Device code aa5ec6b6... is still pending.
[DEBUG] 2025-06-18 13:58:50,696 orchestrator_api.views:post():536 - PollDeviceTokenView: Device code aa5ec6b6... is still pending.
[DEBUG] 2025-06-18 13:58:55,717 orchestrator_api.views:post():536 - PollDeviceTokenView: Device code aa5ec6b6... is still pending.
[DEBUG] 2025-06-18 13:59:00,744 orchestrator_api.views:post():536 - PollDeviceTokenView: Device code aa5ec6b6... is still pending.
[DEBUG] 2025-06-18 13:59:05,770 orchestrator_api.views:post():536 - PollDeviceTokenView: Device code aa5ec6b6... is still pending.
[DEBUG] 2025-06-18 13:59:10,791 orchestrator_api.views:post():536 - PollDeviceTokenView: Device code aa5ec6b6... is still pending.
[DEBUG] 2025-06-18 13:59:15,822 orchestrator_api.views:post():536 - PollDeviceTokenView: Device code aa5ec6b6... is still pending.
[DEBUG] 2025-06-18 13:59:20,841 orchestrator_api.views:post():536 - PollDeviceTokenView: Device code aa5ec6b6... is still pending.
[DEBUG] 2025-06-18 13:59:25,851 orchestrator_api.views:post():536 - PollDeviceTokenView: Device code aa5ec6b6... is still pending.
[DEBUG] 2025-06-18 13:59:30,874 orchestrator_api.views:post():536 - PollDeviceTokenView: Device code aa5ec6b6... is still pending.
[DEBUG] 2025-06-18 13:59:35,887 orchestrator_api.views:post():536 - PollDeviceTokenView: Device code aa5ec6b6... is still pending.
[DEBUG] 2025-06-18 13:59:40,919 orchestrator_api.views:post():536 - PollDeviceTokenView: Device code aa5ec6b6... is still pending.
[DEBUG] 2025-06-18 13:59:45,944 orchestrator_api.views:post():536 - PollDeviceTokenView: Device code aa5ec6b6... is still pending.
[DEBUG] 2025-06-18 13:59:50,967 orchestrator_api.views:post():536 - PollDeviceTokenView: Device code aa5ec6b6... is still pending.
[DEBUG] 2025-06-18 13:59:55,984 orchestrator_api.views:post():536 - PollDeviceTokenView: Device code aa5ec6b6... is still pending.
[DEBUG] 2025-06-18 14:00:01,008 orchestrator_api.views:post():536 - PollDeviceTokenView: Device code aa5ec6b6... is still pending.
[DEBUG] 2025-06-18 14:00:06,035 orchestrator_api.views:post():536 - PollDeviceTokenView: Device code aa5ec6b6... is still pending.
[DEBUG] 2025-06-18 14:00:11,063 orchestrator_api.views:post():536 - PollDeviceTokenView: Device code aa5ec6b6... is still pending.
[DEBUG] 2025-06-18 14:00:16,096 orchestrator_api.views:post():536 - PollDeviceTokenView: Device code aa5ec6b6... is still pending.
[DEBUG] 2025-06-18 14:00:21,116 orchestrator_api.views:post():536 - PollDeviceTokenView: Device code aa5ec6b6... is still pending.
[INFO] 2025-06-18 14:03:44,586 orchestrator_api.views:post():345 - Generated device code for node 60aae2ff-4012-42a8-9149-7e9649ffe342: User Code AFMP-0EX7
[DEBUG] 2025-06-18 14:03:44,733 orchestrator_api.views:post():536 - PollDeviceTokenView: Device code f3325963... is still pending.
[DEBUG] 2025-06-18 14:03:49,736 orchestrator_api.views:post():536 - PollDeviceTokenView: Device code f3325963... is still pending.
[DEBUG] 2025-06-18 14:03:54,753 orchestrator_api.views:post():536 - PollDeviceTokenView: Device code f3325963... is still pending.
[DEBUG] 2025-06-18 14:03:59,769 orchestrator_api.views:post():536 - PollDeviceTokenView: Device code f3325963... is still pending.
[DEBUG] 2025-06-18 14:04:04,797 orchestrator_api.views:post():536 - PollDeviceTokenView: Device code f3325963... is still pending.
[DEBUG] 2025-06-18 14:04:09,814 orchestrator_api.views:post():536 - PollDeviceTokenView: Device code f3325963... is still pending.
[DEBUG] 2025-06-18 14:04:14,843 orchestrator_api.views:post():536 - PollDeviceTokenView: Device code f3325963... is still pending.
[INFO] 2025-06-18 14:05:46,889 orchestrator_api.views:post():345 - Generated device code for node 60aae2ff-4012-42a8-9149-7e9649ffe342: User Code PC6G-4ABA
[DEBUG] 2025-06-18 14:05:47,032 orchestrator_api.views:post():536 - PollDeviceTokenView: Device code 67834b11... is still pending.
[DEBUG] 2025-06-18 14:05:52,039 orchestrator_api.views:post():536 - PollDeviceTokenView: Device code 67834b11... is still pending.
[DEBUG] 2025-06-18 14:05:57,078 orchestrator_api.views:post():536 - PollDeviceTokenView: Device code 67834b11... is still pending.
[DEBUG] 2025-06-18 14:06:02,110 orchestrator_api.views:post():536 - PollDeviceTokenView: Device code 67834b11... is still pending.
[DEBUG] 2025-06-18 14:06:07,140 orchestrator_api.views:post():536 - PollDeviceTokenView: Device code 67834b11... is still pending.
[DEBUG] 2025-06-18 14:06:12,169 orchestrator_api.views:post():536 - PollDeviceTokenView: Device code 67834b11... is still pending.
[DEBUG] 2025-06-18 14:06:17,184 orchestrator_api.views:post():536 - PollDeviceTokenView: Device code 67834b11... is still pending.
[DEBUG] 2025-06-18 14:06:22,210 orchestrator_api.views:post():536 - PollDeviceTokenView: Device code 67834b11... is still pending.
[DEBUG] 2025-06-18 14:06:27,242 orchestrator_api.views:post():536 - PollDeviceTokenView: Device code 67834b11... is still pending.
[DEBUG] 2025-06-18 14:06:32,268 orchestrator_api.views:post():536 - PollDeviceTokenView: Device code 67834b11... is still pending.
[DEBUG] 2025-06-18 14:06:37,283 orchestrator_api.views:post():536 - PollDeviceTokenView: Device code 67834b11... is still pending.
[DEBUG] 2025-06-18 14:06:42,301 orchestrator_api.views:post():536 - PollDeviceTokenView: Device code 67834b11... is still pending.
[DEBUG] 2025-06-18 14:06:47,331 orchestrator_api.views:post():536 - PollDeviceTokenView: Device code 67834b11... is still pending.
[DEBUG] 2025-06-18 14:06:52,346 orchestrator_api.views:post():536 - PollDeviceTokenView: Device code 67834b11... is still pending.
[DEBUG] 2025-06-18 14:06:57,378 orchestrator_api.views:post():536 - PollDeviceTokenView: Device code 67834b11... is still pending.
[DEBUG] 2025-06-18 14:07:02,394 orchestrator_api.views:post():536 - PollDeviceTokenView: Device code 67834b11... is still pending.
[DEBUG] 2025-06-18 14:07:07,424 orchestrator_api.views:post():536 - PollDeviceTokenView: Device code 67834b11... is still pending.
[DEBUG] 2025-06-18 14:07:12,461 orchestrator_api.views:post():536 - PollDeviceTokenView: Device code 67834b11... is still pending.
[DEBUG] 2025-06-18 14:07:17,502 orchestrator_api.views:post():536 - PollDeviceTokenView: Device code 67834b11... is still pending.
[DEBUG] 2025-06-18 14:07:22,536 orchestrator_api.views:post():536 - PollDeviceTokenView: Device code 67834b11... is still pending.
[DEBUG] 2025-06-18 14:07:27,566 orchestrator_api.views:post():536 - PollDeviceTokenView: Device code 67834b11... is still pending.
[DEBUG] 2025-06-18 14:07:32,600 orchestrator_api.views:post():536 - PollDeviceTokenView: Device code 67834b11... is still pending.
[DEBUG] 2025-06-18 14:07:37,621 orchestrator_api.views:post():536 - PollDeviceTokenView: Device code 67834b11... is still pending.
[DEBUG] 2025-06-18 14:07:42,656 orchestrator_api.views:post():536 - PollDeviceTokenView: Device code 67834b11... is still pending.
[DEBUG] 2025-06-18 14:07:47,689 orchestrator_api.views:post():536 - PollDeviceTokenView: Device code 67834b11... is still pending.
[DEBUG] 2025-06-18 14:07:52,717 orchestrator_api.views:post():536 - PollDeviceTokenView: Device code 67834b11... is still pending.
[DEBUG] 2025-06-18 14:07:57,737 orchestrator_api.views:post():536 - PollDeviceTokenView: Device code 67834b11... is still pending.
[DEBUG] 2025-06-18 14:08:02,752 orchestrator_api.views:post():536 - PollDeviceTokenView: Device code 67834b11... is still pending.
[DEBUG] 2025-06-18 14:08:07,788 orchestrator_api.views:post():536 - PollDeviceTokenView: Device code 67834b11... is still pending.
[DEBUG] 2025-06-18 14:08:12,802 orchestrator_api.views:post():536 - PollDeviceTokenView: Device code 67834b11... is still pending.
[DEBUG] 2025-06-18 14:08:17,810 orchestrator_api.views:post():536 - PollDeviceTokenView: Device code 67834b11... is still pending.
[DEBUG] 2025-06-18 14:08:22,846 orchestrator_api.views:post():536 - PollDeviceTokenView: Device code 67834b11... is still pending.
[DEBUG] 2025-06-18 14:08:27,867 orchestrator_api.views:post():536 - PollDeviceTokenView: Device code 67834b11... is still pending.
[DEBUG] 2025-06-18 14:08:32,903 orchestrator_api.views:post():536 - PollDeviceTokenView: Device code 67834b11... is still pending.
[DEBUG] 2025-06-18 14:08:37,933 orchestrator_api.views:post():536 - PollDeviceTokenView: Device code 67834b11... is still pending.
[DEBUG] 2025-06-18 14:08:42,963 orchestrator_api.views:post():536 - PollDeviceTokenView: Device code 67834b11... is still pending.
[DEBUG] 2025-06-18 14:08:48,034 orchestrator_api.views:post():536 - PollDeviceTokenView: Device code 67834b11... is still pending.
[DEBUG] 2025-06-18 14:08:53,070 orchestrator_api.views:post():536 - PollDeviceTokenView: Device code 67834b11... is still pending.
[DEBUG] 2025-06-18 14:08:58,093 orchestrator_api.views:post():536 - PollDeviceTokenView: Device code 67834b11... is still pending.
[DEBUG] 2025-06-18 14:09:03,117 orchestrator_api.views:post():536 - PollDeviceTokenView: Device code 67834b11... is still pending.
[DEBUG] 2025-06-18 14:09:08,151 orchestrator_api.views:post():536 - PollDeviceTokenView: Device code 67834b11... is still pending.
[DEBUG] 2025-06-18 14:09:13,177 orchestrator_api.views:post():536 - PollDeviceTokenView: Device code 67834b11... is still pending.
[DEBUG] 2025-06-18 14:09:18,201 orchestrator_api.views:post():536 - PollDeviceTokenView: Device code 67834b11... is still pending.
[DEBUG] 2025-06-18 14:09:23,226 orchestrator_api.views:post():536 - PollDeviceTokenView: Device code 67834b11... is still pending.
[DEBUG] 2025-06-18 14:09:28,251 orchestrator_api.views:post():536 - PollDeviceTokenView: Device code 67834b11... is still pending.
[DEBUG] 2025-06-18 14:09:33,275 orchestrator_api.views:post():536 - PollDeviceTokenView: Device code 67834b11... is still pending.
[INFO] 2025-06-18 14:28:04,970 orchestrator_api.views:post():345 - Generated device code for node 60aae2ff-4012-42a8-9149-7e9649ffe342: User Code ZZFC-2902
[DEBUG] 2025-06-18 14:28:05,113 orchestrator_api.views:post():536 - PollDeviceTokenView: Device code 6c1e1e98... is still pending.
[DEBUG] 2025-06-18 14:28:10,144 orchestrator_api.views:post():536 - PollDeviceTokenView: Device code 6c1e1e98... is still pending.
[DEBUG] 2025-06-18 14:28:15,161 orchestrator_api.views:post():536 - PollDeviceTokenView: Device code 6c1e1e98... is still pending.
[DEBUG] 2025-06-18 14:28:20,190 orchestrator_api.views:post():536 - PollDeviceTokenView: Device code 6c1e1e98... is still pending.
[DEBUG] 2025-06-18 14:28:25,211 orchestrator_api.views:post():536 - PollDeviceTokenView: Device code 6c1e1e98... is still pending.
[DEBUG] 2025-06-18 14:28:30,237 orchestrator_api.views:post():536 - PollDeviceTokenView: Device code 6c1e1e98... is still pending.
[DEBUG] 2025-06-18 14:28:35,252 orchestrator_api.views:post():536 - PollDeviceTokenView: Device code 6c1e1e98... is still pending.
[DEBUG] 2025-06-18 14:28:40,261 orchestrator_api.views:post():536 - PollDeviceTokenView: Device code 6c1e1e98... is still pending.
[DEBUG] 2025-06-18 14:28:45,297 orchestrator_api.views:post():536 - PollDeviceTokenView: Device code 6c1e1e98... is still pending.
[DEBUG] 2025-06-18 14:28:50,316 orchestrator_api.views:post():536 - PollDeviceTokenView: Device code 6c1e1e98... is still pending.
[DEBUG] 2025-06-18 14:28:55,352 orchestrator_api.views:post():536 - PollDeviceTokenView: Device code 6c1e1e98... is still pending.
[DEBUG] 2025-06-18 14:29:00,378 orchestrator_api.views:post():536 - PollDeviceTokenView: Device code 6c1e1e98... is still pending.
[DEBUG] 2025-06-18 14:29:05,408 orchestrator_api.views:post():536 - PollDeviceTokenView: Device code 6c1e1e98... is still pending.
[DEBUG] 2025-06-18 14:29:10,444 orchestrator_api.views:post():536 - PollDeviceTokenView: Device code 6c1e1e98... is still pending.
[DEBUG] 2025-06-18 14:29:15,470 orchestrator_api.views:post():536 - PollDeviceTokenView: Device code 6c1e1e98... is still pending.
[DEBUG] 2025-06-18 14:29:20,490 orchestrator_api.views:post():536 - PollDeviceTokenView: Device code 6c1e1e98... is still pending.
[DEBUG] 2025-06-18 14:29:25,525 orchestrator_api.views:post():536 - PollDeviceTokenView: Device code 6c1e1e98... is still pending.
[DEBUG] 2025-06-18 14:29:30,556 orchestrator_api.views:post():536 - PollDeviceTokenView: Device code 6c1e1e98... is still pending.
[DEBUG] 2025-06-18 14:29:35,609 orchestrator_api.views:post():536 - PollDeviceTokenView: Device code 6c1e1e98... is still pending.
[DEBUG] 2025-06-18 14:29:40,648 orchestrator_api.views:post():536 - PollDeviceTokenView: Device code 6c1e1e98... is still pending.
[DEBUG] 2025-06-18 14:29:45,680 orchestrator_api.views:post():536 - PollDeviceTokenView: Device code 6c1e1e98... is still pending.
[DEBUG] 2025-06-18 14:29:50,715 orchestrator_api.views:post():536 - PollDeviceTokenView: Device code 6c1e1e98... is still pending.
[DEBUG] 2025-06-18 14:29:55,744 orchestrator_api.views:post():536 - PollDeviceTokenView: Device code 6c1e1e98... is still pending.
[DEBUG] 2025-06-18 14:30:00,764 orchestrator_api.views:post():536 - PollDeviceTokenView: Device code 6c1e1e98... is still pending.
[DEBUG] 2025-06-18 14:30:05,793 orchestrator_api.views:post():536 - PollDeviceTokenView: Device code 6c1e1e98... is still pending.
[DEBUG] 2025-06-18 14:30:10,821 orchestrator_api.views:post():536 - PollDeviceTokenView: Device code 6c1e1e98... is still pending.
[DEBUG] 2025-06-18 14:30:15,860 orchestrator_api.views:post():536 - PollDeviceTokenView: Device code 6c1e1e98... is still pending.
[DEBUG] 2025-06-18 14:30:20,878 orchestrator_api.views:post():536 - PollDeviceTokenView: Device code 6c1e1e98... is still pending.
[DEBUG] 2025-06-18 14:30:25,905 orchestrator_api.views:post():536 - PollDeviceTokenView: Device code 6c1e1e98... is still pending.
[DEBUG] 2025-06-18 14:30:30,923 orchestrator_api.views:post():536 - PollDeviceTokenView: Device code 6c1e1e98... is still pending.
[DEBUG] 2025-06-18 14:30:35,945 orchestrator_api.views:post():536 - PollDeviceTokenView: Device code 6c1e1e98... is still pending.
[DEBUG] 2025-06-18 14:30:40,968 orchestrator_api.views:post():536 - PollDeviceTokenView: Device code 6c1e1e98... is still pending.
[DEBUG] 2025-06-18 14:30:46,004 orchestrator_api.views:post():536 - PollDeviceTokenView: Device code 6c1e1e98... is still pending.
[DEBUG] 2025-06-18 14:30:51,036 orchestrator_api.views:post():536 - PollDeviceTokenView: Device code 6c1e1e98... is still pending.
[DEBUG] 2025-06-18 14:30:56,063 orchestrator_api.views:post():536 - PollDeviceTokenView: Device code 6c1e1e98... is still pending.
[DEBUG] 2025-06-18 14:31:01,090 orchestrator_api.views:post():536 - PollDeviceTokenView: Device code 6c1e1e98... is still pending.
[DEBUG] 2025-06-18 14:31:06,120 orchestrator_api.views:post():536 - PollDeviceTokenView: Device code 6c1e1e98... is still pending.
[DEBUG] 2025-06-18 14:31:11,143 orchestrator_api.views:post():536 - PollDeviceTokenView: Device code 6c1e1e98... is still pending.
[DEBUG] 2025-06-18 14:31:16,164 orchestrator_api.views:post():536 - PollDeviceTokenView: Device code 6c1e1e98... is still pending.
[DEBUG] 2025-06-18 14:31:21,184 orchestrator_api.views:post():536 - PollDeviceTokenView: Device code 6c1e1e98... is still pending.
[DEBUG] 2025-06-18 14:31:26,210 orchestrator_api.views:post():536 - PollDeviceTokenView: Device code 6c1e1e98... is still pending.
[DEBUG] 2025-06-18 14:31:31,234 orchestrator_api.views:post():536 - PollDeviceTokenView: Device code 6c1e1e98... is still pending.
[INFO] 2025-06-18 14:38:05,266 orchestrator_api.views:post():335 - Generated device code for node 60aae2ff-4012-42a8-9149-7e9649ffe342: User Code LISV-SRE1
[DEBUG] 2025-06-18 14:38:05,428 orchestrator_api.views:post():523 - PollDeviceTokenView: Device code 63070937... is still pending.
[DEBUG] 2025-06-18 14:38:10,439 orchestrator_api.views:post():523 - PollDeviceTokenView: Device code 63070937... is still pending.
[DEBUG] 2025-06-18 14:38:15,459 orchestrator_api.views:post():523 - PollDeviceTokenView: Device code 63070937... is still pending.
[INFO] 2025-06-18 14:38:44,671 orchestrator_api.views:post():335 - Generated device code for node 60aae2ff-4012-42a8-9149-7e9649ffe342: User Code LIV0-V9M1
[DEBUG] 2025-06-18 14:38:44,814 orchestrator_api.views:post():523 - PollDeviceTokenView: Device code b909eaa6... is still pending.
[DEBUG] 2025-06-18 14:38:49,836 orchestrator_api.views:post():523 - PollDeviceTokenView: Device code b909eaa6... is still pending.
[DEBUG] 2025-06-18 14:38:54,873 orchestrator_api.views:post():523 - PollDeviceTokenView: Device code b909eaa6... is still pending.
[DEBUG] 2025-06-18 14:38:59,885 orchestrator_api.views:post():523 - PollDeviceTokenView: Device code b909eaa6... is still pending.
[DEBUG] 2025-06-18 14:39:04,924 orchestrator_api.views:post():523 - PollDeviceTokenView: Device code b909eaa6... is still pending.
[DEBUG] 2025-06-18 14:39:09,938 orchestrator_api.views:post():523 - PollDeviceTokenView: Device code b909eaa6... is still pending.
[DEBUG] 2025-06-18 14:39:14,971 orchestrator_api.views:post():523 - PollDeviceTokenView: Device code b909eaa6... is still pending.
[DEBUG] 2025-06-18 14:39:19,991 orchestrator_api.views:post():523 - PollDeviceTokenView: Device code b909eaa6... is still pending.
[DEBUG] 2025-06-18 14:39:25,025 orchestrator_api.views:post():523 - PollDeviceTokenView: Device code b909eaa6... is still pending.
[DEBUG] 2025-06-18 14:39:30,058 orchestrator_api.views:post():523 - PollDeviceTokenView: Device code b909eaa6... is still pending.
[DEBUG] 2025-06-18 14:39:35,088 orchestrator_api.views:post():523 - PollDeviceTokenView: Device code b909eaa6... is still pending.
[DEBUG] 2025-06-18 14:39:40,123 orchestrator_api.views:post():523 - PollDeviceTokenView: Device code b909eaa6... is still pending.
[DEBUG] 2025-06-18 14:39:45,155 orchestrator_api.views:post():523 - PollDeviceTokenView: Device code b909eaa6... is still pending.
[DEBUG] 2025-06-18 14:39:50,175 orchestrator_api.views:post():523 - PollDeviceTokenView: Device code b909eaa6... is still pending.
[DEBUG] 2025-06-18 14:39:55,203 orchestrator_api.views:post():523 - PollDeviceTokenView: Device code b909eaa6... is still pending.
[DEBUG] 2025-06-18 14:40:00,225 orchestrator_api.views:post():523 - PollDeviceTokenView: Device code b909eaa6... is still pending.
[DEBUG] 2025-06-18 14:40:05,259 orchestrator_api.views:post():523 - PollDeviceTokenView: Device code b909eaa6... is still pending.
[DEBUG] 2025-06-18 14:40:10,293 orchestrator_api.views:post():523 - PollDeviceTokenView: Device code b909eaa6... is still pending.
[DEBUG] 2025-06-18 14:40:15,307 orchestrator_api.views:post():523 - PollDeviceTokenView: Device code b909eaa6... is still pending.
[DEBUG] 2025-06-18 14:40:20,340 orchestrator_api.views:post():523 - PollDeviceTokenView: Device code b909eaa6... is still pending.
[INFO] 2025-06-18 14:40:39,183 orchestrator_api.views:post():331 - Generated device code for node 60aae2ff-4012-42a8-9149-7e9649ffe342: User Code 1F39-Z3RJ
[DEBUG] 2025-06-18 14:40:39,337 orchestrator_api.views:post():501 - PollDeviceTokenView: Device code 44e84a18... is still pending.
[DEBUG] 2025-06-18 14:40:44,350 orchestrator_api.views:post():501 - PollDeviceTokenView: Device code 44e84a18... is still pending.
[DEBUG] 2025-06-18 14:40:49,368 orchestrator_api.views:post():501 - PollDeviceTokenView: Device code 44e84a18... is still pending.
[DEBUG] 2025-06-18 14:40:54,390 orchestrator_api.views:post():501 - PollDeviceTokenView: Device code 44e84a18... is still pending.
[DEBUG] 2025-06-18 14:40:59,432 orchestrator_api.views:post():501 - PollDeviceTokenView: Device code 44e84a18... is still pending.
[DEBUG] 2025-06-18 14:41:04,457 orchestrator_api.views:post():501 - PollDeviceTokenView: Device code 44e84a18... is still pending.
[DEBUG] 2025-06-18 14:41:09,469 orchestrator_api.views:post():501 - PollDeviceTokenView: Device code 44e84a18... is still pending.
[DEBUG] 2025-06-18 14:41:14,498 orchestrator_api.views:post():501 - PollDeviceTokenView: Device code 44e84a18... is still pending.
[DEBUG] 2025-06-18 14:41:19,529 orchestrator_api.views:post():501 - PollDeviceTokenView: Device code 44e84a18... is still pending.
[DEBUG] 2025-06-18 14:41:24,562 orchestrator_api.views:post():501 - PollDeviceTokenView: Device code 44e84a18... is still pending.
[DEBUG] 2025-06-18 14:41:29,581 orchestrator_api.views:post():501 - PollDeviceTokenView: Device code 44e84a18... is still pending.
[DEBUG] 2025-06-18 14:41:34,612 orchestrator_api.views:post():501 - PollDeviceTokenView: Device code 44e84a18... is still pending.
[DEBUG] 2025-06-18 14:41:39,633 orchestrator_api.views:post():501 - PollDeviceTokenView: Device code 44e84a18... is still pending.
[DEBUG] 2025-06-18 14:41:44,664 orchestrator_api.views:post():501 - PollDeviceTokenView: Device code 44e84a18... is still pending.
[DEBUG] 2025-06-18 14:41:49,686 orchestrator_api.views:post():501 - PollDeviceTokenView: Device code 44e84a18... is still pending.
[DEBUG] 2025-06-18 14:41:54,703 orchestrator_api.views:post():501 - PollDeviceTokenView: Device code 44e84a18... is still pending.
[DEBUG] 2025-06-18 14:41:59,736 orchestrator_api.views:post():501 - PollDeviceTokenView: Device code 44e84a18... is still pending.
[DEBUG] 2025-06-18 14:42:04,769 orchestrator_api.views:post():501 - PollDeviceTokenView: Device code 44e84a18... is still pending.
[DEBUG] 2025-06-18 14:42:09,802 orchestrator_api.views:post():501 - PollDeviceTokenView: Device code 44e84a18... is still pending.
[DEBUG] 2025-06-18 14:42:14,827 orchestrator_api.views:post():501 - PollDeviceTokenView: Device code 44e84a18... is still pending.
[DEBUG] 2025-06-18 14:42:19,848 orchestrator_api.views:post():501 - PollDeviceTokenView: Device code 44e84a18... is still pending.
[DEBUG] 2025-06-18 14:42:24,867 orchestrator_api.views:post():501 - PollDeviceTokenView: Device code 44e84a18... is still pending.
[DEBUG] 2025-06-18 14:42:29,889 orchestrator_api.views:post():501 - PollDeviceTokenView: Device code 44e84a18... is still pending.
[DEBUG] 2025-06-18 14:42:34,912 orchestrator_api.views:post():501 - PollDeviceTokenView: Device code 44e84a18... is still pending.
[DEBUG] 2025-06-18 14:42:39,944 orchestrator_api.views:post():501 - PollDeviceTokenView: Device code 44e84a18... is still pending.
[DEBUG] 2025-06-18 14:42:44,966 orchestrator_api.views:post():501 - PollDeviceTokenView: Device code 44e84a18... is still pending.
[DEBUG] 2025-06-18 14:42:49,985 orchestrator_api.views:post():501 - PollDeviceTokenView: Device code 44e84a18... is still pending.
[DEBUG] 2025-06-18 14:42:55,013 orchestrator_api.views:post():501 - PollDeviceTokenView: Device code 44e84a18... is still pending.
[DEBUG] 2025-06-18 14:43:00,030 orchestrator_api.views:post():501 - PollDeviceTokenView: Device code 44e84a18... is still pending.
[DEBUG] 2025-06-18 14:43:05,066 orchestrator_api.views:post():501 - PollDeviceTokenView: Device code 44e84a18... is still pending.
[DEBUG] 2025-06-18 14:43:10,093 orchestrator_api.views:post():501 - PollDeviceTokenView: Device code 44e84a18... is still pending.
[DEBUG] 2025-06-18 14:43:15,115 orchestrator_api.views:post():501 - PollDeviceTokenView: Device code 44e84a18... is still pending.
[INFO] 2025-06-18 14:43:40,506 orchestrator_api.views:post():325 - Generated device code for node 60aae2ff-4012-42a8-9149-7e9649ffe342: User Code NFZW-23XH
[DEBUG] 2025-06-18 14:43:40,658 orchestrator_api.views:post():497 - PollDeviceTokenView: Device code 4a2210f5... is still pending.
[DEBUG] 2025-06-18 14:43:45,667 orchestrator_api.views:post():497 - PollDeviceTokenView: Device code 4a2210f5... is still pending.
[DEBUG] 2025-06-18 14:43:50,671 orchestrator_api.views:post():497 - PollDeviceTokenView: Device code 4a2210f5... is still pending.
[DEBUG] 2025-06-18 14:43:55,705 orchestrator_api.views:post():497 - PollDeviceTokenView: Device code 4a2210f5... is still pending.
[DEBUG] 2025-06-18 14:44:00,729 orchestrator_api.views:post():497 - PollDeviceTokenView: Device code 4a2210f5... is still pending.
[INFO] 2025-06-18 15:16:39,299 orchestrator_api.views:post():326 - Generated device code for node 60aae2ff-4012-42a8-9149-7e9649ffe342: User Code SO2I-5JNL
[DEBUG] 2025-06-18 15:16:41,175 orchestrator_api.views:post():498 - PollDeviceTokenView: Device code 741afc14... is still pending.
[DEBUG] 2025-06-18 15:16:46,206 orchestrator_api.views:post():498 - PollDeviceTokenView: Device code 741afc14... is still pending.
[DEBUG] 2025-06-18 15:16:51,232 orchestrator_api.views:post():498 - PollDeviceTokenView: Device code 741afc14... is still pending.
[INFO] 2025-06-18 15:16:55,082 orchestrator_api.views:post():425 - Device code SO2I-5JNL authorized by user vaidz.
[INFO] 2025-06-18 15:16:56,509 orchestrator_api.views:post():482 - PollDeviceTokenView: Device code 741afc14... authorized and marked issued.
[INFO] 2025-06-18 15:17:00,031 rpa_channels.consumers:authenticate_device_code():91 - Device code 741afc14... for node 60aae2ff-4012-42a8-9149-7e9649ffe342 already issued, re-connecting.
[INFO] 2025-06-18 15:17:00,032 rpa_channels.consumers:connect():49 - WebSocket: Node 60aae2ff-4012-42a8-9149-7e9649ffe342 (channel asgispecific.be3502d334d849b89604907744e91427) connected and added to group node_60aae2ff-4012-42a8-9149-7e9649ffe342.
[DEBUG] 2025-06-18 15:17:00,271 rpa_channels.consumers:receive():170 - WebSocket: Received message from Node 60aae2ff-4012-42a8-9149-7e9649ffe342: identify_rpa_node
[INFO] 2025-06-18 15:17:00,276 rpa_channels.consumers:update_node_details():221 - RPA Client: RPANode 60aae2ff-4012-42a8-9149-7e9649ffe342 details updated in DB.
[INFO] 2025-06-18 15:17:00,277 rpa_channels.consumers:receive():178 - WebSocket: Node 60aae2ff-4012-42a8-9149-7e9649ffe342 identified as Python_Node_Client v1.0.0.
[INFO] 2025-06-23 12:12:43,467 rpa_channels.consumers:<module>():26 - RPA Client simulated file receive directory: C:\Users\vaidh\django-rpa-relay-standalone\rpa_client_received_files
[INFO] 2025-06-23 12:13:28,226 rpa_channels.consumers:<module>():26 - RPA Client simulated file receive directory: C:\Users\vaidh\django-rpa-relay-standalone\rpa_client_received_files
[INFO] 2025-06-23 12:15:35,079 rpa_channels.consumers:<module>():26 - RPA Client simulated file receive directory: C:\Users\vaidh\django-rpa-relay-standalone\rpa_client_received_files
[DEBUG] 2025-06-23 12:15:51,831 oauthlib.oauth2.rfc6749.endpoints.resource:verify_request():70 - Dispatching token_type Bearer request to <oauthlib.oauth2.rfc6749.tokens.BearerToken object at 0x0000023EACC15E80>.
[INFO] 2025-06-23 12:57:52,443 orchestrator_api.views:post():63 - InitiateDeviceAuthView: Device authorization initiation requested.
[INFO] 2025-06-23 12:57:59,490 orchestrator_api.views:post():63 - InitiateDeviceAuthView: Device authorization initiation requested.
[INFO] 2025-06-23 12:58:06,602 orchestrator_api.views:post():63 - InitiateDeviceAuthView: Device authorization initiation requested.
[INFO] 2025-06-23 13:01:34,109 orchestrator_api.views:post():63 - InitiateDeviceAuthView: Device authorization initiation requested.
[ERROR] 2025-06-23 13:01:34,140 orchestrator_api.views:post():108 - InitiateDeviceAuthView: An unexpected error occurred during device authorization initiation.
Traceback (most recent call last):
  File "C:\Users\vaidh\django-rpa-relay-standalone\venv\lib\site-packages\django\urls\base.py", line 71, in reverse
    extra, resolver = resolver.namespace_dict[ns]
KeyError: 'rpa_channels'

During handling of the above exception, another exception occurred:

Traceback (most recent call last):
  File "C:\Users\vaidh\django-rpa-relay-standalone\orchestrator_api\views.py", line 81, in post
    verification_uri_path = reverse('rpa_channels:device_authorize')
  File "C:\Users\vaidh\django-rpa-relay-standalone\venv\lib\site-packages\django\urls\base.py", line 82, in reverse
    raise NoReverseMatch("%s is not a registered namespace" % key)
django.urls.exceptions.NoReverseMatch: 'rpa_channels' is not a registered namespace
[INFO] 2025-06-23 13:03:18,359 orchestrator_api.views:post():63 - InitiateDeviceAuthView: Device authorization initiation requested.
[ERROR] 2025-06-23 13:03:18,383 orchestrator_api.views:post():108 - InitiateDeviceAuthView: An unexpected error occurred during device authorization initiation.
Traceback (most recent call last):
  File "C:\Users\vaidh\django-rpa-relay-standalone\venv\lib\site-packages\django\urls\base.py", line 71, in reverse
    extra, resolver = resolver.namespace_dict[ns]
KeyError: 'rpa_channels'

During handling of the above exception, another exception occurred:

Traceback (most recent call last):
  File "C:\Users\vaidh\django-rpa-relay-standalone\orchestrator_api\views.py", line 81, in post
    verification_uri_path = reverse('rpa_channels:device_authorize')
  File "C:\Users\vaidh\django-rpa-relay-standalone\venv\lib\site-packages\django\urls\base.py", line 82, in reverse
    raise NoReverseMatch("%s is not a registered namespace" % key)
django.urls.exceptions.NoReverseMatch: 'rpa_channels' is not a registered namespace
[INFO] 2025-06-23 13:04:36,659 orchestrator_api.views:post():63 - InitiateDeviceAuthView: Device authorization initiation requested.
[ERROR] 2025-06-23 13:04:36,690 orchestrator_api.views:post():108 - InitiateDeviceAuthView: An unexpected error occurred during device authorization initiation.
Traceback (most recent call last):
  File "C:\Users\vaidh\django-rpa-relay-standalone\orchestrator_api\views.py", line 81, in post
    verification_uri_path = reverse('oauth2_provider:device_authorize')
  File "C:\Users\vaidh\django-rpa-relay-standalone\venv\lib\site-packages\django\urls\base.py", line 88, in reverse
    return resolver._reverse_with_prefix(view, prefix, *args, **kwargs)
  File "C:\Users\vaidh\django-rpa-relay-standalone\venv\lib\site-packages\django\urls\resolvers.py", line 828, in _reverse_with_prefix
    raise NoReverseMatch(msg)
django.urls.exceptions.NoReverseMatch: Reverse for 'device_authorize' not found. 'device_authorize' is not a valid view function or pattern name.
[INFO] 2025-06-23 13:05:34,203 orchestrator_api.views:post():63 - InitiateDeviceAuthView: Device authorization initiation requested.
[ERROR] 2025-06-23 13:05:34,247 orchestrator_api.views:post():108 - InitiateDeviceAuthView: An unexpected error occurred during device authorization initiation.
Traceback (most recent call last):
  File "C:\Users\vaidh\django-rpa-relay-standalone\orchestrator_api\views.py", line 81, in post
    verification_uri_path = reverse('oauth2_provider:device_authorization_request')
  File "C:\Users\vaidh\django-rpa-relay-standalone\venv\lib\site-packages\django\urls\base.py", line 88, in reverse
    return resolver._reverse_with_prefix(view, prefix, *args, **kwargs)
  File "C:\Users\vaidh\django-rpa-relay-standalone\venv\lib\site-packages\django\urls\resolvers.py", line 828, in _reverse_with_prefix
    raise NoReverseMatch(msg)
django.urls.exceptions.NoReverseMatch: Reverse for 'device_authorization_request' not found. 'device_authorization_request' is not a valid view function or pattern name.
[INFO] 2025-06-23 13:11:41,962 orchestrator_api.views:post():63 - InitiateDeviceAuthView: Device authorization initiation requested.
[ERROR] 2025-06-23 13:11:41,991 orchestrator_api.views:post():108 - InitiateDeviceAuthView: An unexpected error occurred during device authorization initiation.
Traceback (most recent call last):
  File "C:\Users\vaidh\django-rpa-relay-standalone\orchestrator_api\views.py", line 85, in post
    await database_sync_to_async(PendingRPAAuth.objects.create)(
  File "C:\Users\vaidh\django-rpa-relay-standalone\venv\lib\site-packages\asgiref\sync.py", line 468, in __call__
    ret = await asyncio.shield(exec_coro)
  File "C:\Users\vaidh\AppData\Local\Programs\Python\Python39\lib\concurrent\futures\thread.py", line 58, in run
    result = self.fn(*self.args, **self.kwargs)
  File "C:\Users\vaidh\django-rpa-relay-standalone\venv\lib\site-packages\channels\db.py", line 13, in thread_handler
    return super().thread_handler(loop, *args, **kwargs)
  File "C:\Users\vaidh\django-rpa-relay-standalone\venv\lib\site-packages\asgiref\sync.py", line 522, in thread_handler
    return func(*args, **kwargs)
  File "C:\Users\vaidh\django-rpa-relay-standalone\venv\lib\site-packages\django\db\models\manager.py", line 87, in manager_method
    return getattr(self.get_queryset(), name)(*args, **kwargs)
  File "C:\Users\vaidh\django-rpa-relay-standalone\venv\lib\site-packages\django\db\models\query.py", line 656, in create
    obj = self.model(**kwargs)
  File "C:\Users\vaidh\django-rpa-relay-standalone\venv\lib\site-packages\django\db\models\base.py", line 567, in __init__
    raise TypeError(
TypeError: PendingRPAAuth() got unexpected keyword arguments: 'user_code', 'device_code', 'verification_uri'
[INFO] 2025-06-23 13:13:33,240 orchestrator_api.views:post():63 - InitiateDeviceAuthView: Device authorization initiation requested.
[INFO] 2025-06-23 13:13:33,517 orchestrator_api.views:post():93 - InitiateDeviceAuthView: Device auth initiated for node 7abed6c0-8129-4363-a518-3f6570e90592. User code: QXKQEU.
[DEBUG] 2025-06-23 16:00:43,749 oauthlib.oauth2.rfc6749.endpoints.resource:verify_request():70 - Dispatching token_type Bearer request to <oauthlib.oauth2.rfc6749.tokens.BearerToken object at 0x0000017BCD372980>.
[DEBUG] 2025-06-23 16:01:37,402 oauthlib.oauth2.rfc6749.endpoints.resource:verify_request():70 - Dispatching token_type Bearer request to <oauthlib.oauth2.rfc6749.tokens.BearerToken object at 0x000001AED5E57AC0>.
[DEBUG] 2025-06-23 16:04:38,581 oauth2_provider.models:pre_save():42 - RPA Client: client_secret is not hashed; hashing it now.
[DEBUG] 2025-06-23 16:09:13,215 oauthlib.oauth2.rfc6749.grant_types.authorization_code:validate_authorization_request():362 - Validating redirection uri http://localhost:8080/callback for client K0FSLUJiyw86d6wvZEguRauMjiU6fFmdBBRhivOZ.
[DEBUG] 2025-06-23 16:09:13,215 oauthlib.oauth2.rfc6749.grant_types.base:_handle_redirects():228 - Using provided redirect_uri http://localhost:8080/callback
[DEBUG] 2025-06-23 16:09:13,215 oauthlib.oauth2.rfc6749.grant_types.base:validate_scopes():172 - Validating access to scopes ['rpa:connect', 'rpa:commands'] for client 'K0FSLUJiyw86d6wvZEguRauMjiU6fFmdBBRhivOZ' (<Application: RPA Client>).
[DEBUG] 2025-06-23 16:09:16,404 oauthlib.oauth2.rfc6749.endpoints.authorization:create_authorization_response():98 - Dispatching response_type code request to <oauthlib.oauth2.rfc6749.grant_types.authorization_code.AuthorizationCodeGrant object at 0x000001CC726AFD30>.
[DEBUG] 2025-06-23 16:09:16,404 oauthlib.oauth2.rfc6749.grant_types.authorization_code:validate_authorization_request():362 - Validating redirection uri http://localhost:8080/callback for client K0FSLUJiyw86d6wvZEguRauMjiU6fFmdBBRhivOZ.
[DEBUG] 2025-06-23 16:09:16,404 oauthlib.oauth2.rfc6749.grant_types.base:_handle_redirects():228 - Using provided redirect_uri http://localhost:8080/callback
[DEBUG] 2025-06-23 16:09:16,404 oauthlib.oauth2.rfc6749.grant_types.base:validate_scopes():172 - Validating access to scopes ['rpa:connect', 'rpa:commands'] for client 'K0FSLUJiyw86d6wvZEguRauMjiU6fFmdBBRhivOZ' (<Application: RPA Client>).
[DEBUG] 2025-06-23 16:09:16,404 oauthlib.oauth2.rfc6749.grant_types.authorization_code:create_authorization_response():245 - Pre resource owner authorization validation ok for <oauthlib.Request SANITIZED>.
[DEBUG] 2025-06-23 16:09:16,404 oauthlib.oauth2.rfc6749.grant_types.authorization_code:create_authorization_code():170 - Created authorization code grant {'code': 'n4TrA7jKyTlc5pSzSwPUndo1k7g329', 'state': 'jZG5yBeH7DJ3pnQPrlNNJw'} for request <oauthlib.Request SANITIZED>.
[DEBUG] 2025-06-23 16:09:16,404 oauthlib.oauth2.rfc6749.grant_types.authorization_code:create_authorization_response():277 - Saving grant {'code': 'n4TrA7jKyTlc5pSzSwPUndo1k7g329', 'state': 'jZG5yBeH7DJ3pnQPrlNNJw'} for <oauthlib.Request SANITIZED>.
[DEBUG] 2025-06-23 16:09:16,724 oauth2_provider:form_valid():144 - Success url for the request: http://localhost:8080/callback?code=n4TrA7jKyTlc5pSzSwPUndo1k7g329&state=jZG5yBeH7DJ3pnQPrlNNJw
[DEBUG] 2025-06-23 16:09:18,797 oauthlib.oauth2.rfc6749.endpoints.token:create_token_response():112 - Dispatching grant_type authorization_code request to <oauthlib.oauth2.rfc6749.grant_types.authorization_code.AuthorizationCodeGrant object at 0x000001CC7291A880>.
[DEBUG] 2025-06-23 16:09:18,810 oauthlib.oauth2.rfc6749.grant_types.authorization_code:validate_token_request():532 - Using provided redirect_uri http://localhost:8080/callback
[DEBUG] 2025-06-23 16:09:18,811 oauthlib.oauth2.rfc6749.grant_types.authorization_code:create_token_response():301 - Token request validation ok for <oauthlib.Request SANITIZED>.
[DEBUG] 2025-06-23 16:12:20,548 oauthlib.oauth2.rfc6749.grant_types.authorization_code:validate_authorization_request():362 - Validating redirection uri http://localhost:8080/callback for client K0FSLUJiyw86d6wvZEguRauMjiU6fFmdBBRhivOZ.
[DEBUG] 2025-06-23 16:12:20,548 oauthlib.oauth2.rfc6749.grant_types.base:_handle_redirects():228 - Using provided redirect_uri http://localhost:8080/callback
[DEBUG] 2025-06-23 16:12:20,548 oauthlib.oauth2.rfc6749.grant_types.base:validate_scopes():172 - Validating access to scopes ['rpa:connect', 'rpa:commands'] for client 'K0FSLUJiyw86d6wvZEguRauMjiU6fFmdBBRhivOZ' (<Application: RPA Client>).
[DEBUG] 2025-06-23 16:12:25,155 oauthlib.oauth2.rfc6749.endpoints.authorization:create_authorization_response():98 - Dispatching response_type code request to <oauthlib.oauth2.rfc6749.grant_types.authorization_code.AuthorizationCodeGrant object at 0x00000182EE0AFD30>.
[DEBUG] 2025-06-23 16:12:25,155 oauthlib.oauth2.rfc6749.grant_types.authorization_code:validate_authorization_request():362 - Validating redirection uri http://localhost:8080/callback for client K0FSLUJiyw86d6wvZEguRauMjiU6fFmdBBRhivOZ.
[DEBUG] 2025-06-23 16:12:25,155 oauthlib.oauth2.rfc6749.grant_types.base:_handle_redirects():228 - Using provided redirect_uri http://localhost:8080/callback
[DEBUG] 2025-06-23 16:12:25,155 oauthlib.oauth2.rfc6749.grant_types.base:validate_scopes():172 - Validating access to scopes ['rpa:connect', 'rpa:commands'] for client 'K0FSLUJiyw86d6wvZEguRauMjiU6fFmdBBRhivOZ' (<Application: RPA Client>).
[DEBUG] 2025-06-23 16:12:25,155 oauthlib.oauth2.rfc6749.grant_types.authorization_code:create_authorization_response():245 - Pre resource owner authorization validation ok for <oauthlib.Request SANITIZED>.
[DEBUG] 2025-06-23 16:12:25,155 oauthlib.oauth2.rfc6749.grant_types.authorization_code:create_authorization_code():170 - Created authorization code grant {'code': 'qi3fscX0UJsHVgcq67baNITi5rs6ED', 'state': 'xRcvMYIUb0tB2cKSc4E5-A'} for request <oauthlib.Request SANITIZED>.
[DEBUG] 2025-06-23 16:12:25,155 oauthlib.oauth2.rfc6749.grant_types.authorization_code:create_authorization_response():277 - Saving grant {'code': 'qi3fscX0UJsHVgcq67baNITi5rs6ED', 'state': 'xRcvMYIUb0tB2cKSc4E5-A'} for <oauthlib.Request SANITIZED>.
[DEBUG] 2025-06-23 16:12:25,377 oauth2_provider:form_valid():144 - Success url for the request: http://localhost:8080/callback?code=qi3fscX0UJsHVgcq67baNITi5rs6ED&state=xRcvMYIUb0tB2cKSc4E5-A
[DEBUG] 2025-06-23 16:12:27,436 oauthlib.oauth2.rfc6749.endpoints.token:create_token_response():112 - Dispatching grant_type authorization_code request to <oauthlib.oauth2.rfc6749.grant_types.authorization_code.AuthorizationCodeGrant object at 0x00000182EE319880>.
[DEBUG] 2025-06-23 16:12:27,451 oauthlib.oauth2.rfc6749.grant_types.authorization_code:validate_token_request():532 - Using provided redirect_uri http://localhost:8080/callback
[DEBUG] 2025-06-23 16:12:27,451 oauthlib.oauth2.rfc6749.grant_types.authorization_code:create_token_response():301 - Token request validation ok for <oauthlib.Request SANITIZED>.
[INFO] 2025-06-23 16:25:30,104 rpa_channels.auth_middleware:__call__():22 - TokenAuthMiddleware: Received token: iATk0QJPNb4VjiB1FY0WuQdnA9jlc2
[INFO] 2025-06-23 16:25:30,104 rpa_channels.auth_middleware:get_user():35 - TokenAuthMiddleware: Access token found for user vaidz
[INFO] 2025-06-23 16:25:30,104 rpa_channels.auth_middleware:__call__():24 - TokenAuthMiddleware: User authenticated: True (user=vaidz)
[INFO] 2025-06-23 16:25:30,639 rpa_channels.consumers:connect():76 - RPAClientConsumer: Attempting to connect node_id=9b5e88d9-252c-4a00-8b0d-9f1e150f562d
[INFO] 2025-06-23 16:25:30,639 rpa_channels.consumers:connect():77 - RPAClientConsumer: User in scope: vaidz (is_authenticated=True)
[WARNING] 2025-06-23 16:25:30,646 rpa_channels.consumers:connect():91 - RPAClientConsumer: No existing RPANode for 9b5e88d9-252c-4a00-8b0d-9f1e150f562d (User: vaidz). Creating new one.
[INFO] 2025-06-23 16:25:30,738 rpa_channels.consumers:connect():101 - RPAClientConsumer: Created new RPANode 9b5e88d9-252c-4a00-8b0d-9f1e150f562d.
[INFO] 2025-06-23 16:25:30,739 rpa_channels.consumers:connect():110 - RPAClientConsumer: Node 9b5e88d9-252c-4a00-8b0d-9f1e150f562d added to group 'rpa_node_9b5e88d9-252c-4a00-8b0d-9f1e150f562d'.
[INFO] 2025-06-23 16:25:30,740 rpa_channels.consumers:connect():112 - RPAClientConsumer: Accepted WebSocket connection for node 9b5e88d9-252c-4a00-8b0d-9f1e150f562d.
[INFO] 2025-06-23 16:28:40,098 rpa_channels.auth_middleware:__call__():22 - TokenAuthMiddleware: Received token: iATk0QJPNb4VjiB1FY0WuQdnA9jlc2
[INFO] 2025-06-23 16:28:40,104 rpa_channels.auth_middleware:get_user():35 - TokenAuthMiddleware: Access token found for user vaidz
[INFO] 2025-06-23 16:28:40,104 rpa_channels.auth_middleware:__call__():24 - TokenAuthMiddleware: User authenticated: True (user=vaidz)
[INFO] 2025-06-23 16:28:40,109 rpa_channels.consumers:connect():76 - RPAClientConsumer: Attempting to connect node_id=9b5e88d9-252c-4a00-8b0d-9f1e150f562d
[INFO] 2025-06-23 16:28:40,110 rpa_channels.consumers:connect():77 - RPAClientConsumer: User in scope: vaidz (is_authenticated=True)
[INFO] 2025-06-23 16:28:40,114 rpa_channels.consumers:connect():83 - RPAClientConsumer: Existing RPANode found for 9b5e88d9-252c-4a00-8b0d-9f1e150f562d (User: vaidz)
[INFO] 2025-06-23 16:28:40,247 rpa_channels.consumers:connect():89 - RPAClientConsumer: RPANode 9b5e88d9-252c-4a00-8b0d-9f1e150f562d marked as connected.
[INFO] 2025-06-23 16:28:40,248 rpa_channels.consumers:connect():110 - RPAClientConsumer: Node 9b5e88d9-252c-4a00-8b0d-9f1e150f562d added to group 'rpa_node_9b5e88d9-252c-4a00-8b0d-9f1e150f562d'.
[INFO] 2025-06-23 16:28:40,249 rpa_channels.consumers:connect():112 - RPAClientConsumer: Accepted WebSocket connection for node 9b5e88d9-252c-4a00-8b0d-9f1e150f562d.
[INFO] 2025-06-23 16:28:40,252 rpa_channels.consumers:disconnect():128 - RPAClientConsumer: Disconnecting node_id=9b5e88d9-252c-4a00-8b0d-9f1e150f562d (Code: 1000).
[INFO] 2025-06-23 16:28:40,254 rpa_channels.consumers:disconnect():134 - RPAClientConsumer: Node 9b5e88d9-252c-4a00-8b0d-9f1e150f562d removed from group.
[INFO] 2025-06-23 16:28:40,345 rpa_channels.consumers:disconnect():143 - RPAClientConsumer: RPANode 9b5e88d9-252c-4a00-8b0d-9f1e150f562d marked as disconnected.
[INFO] 2025-06-23 16:30:17,818 rpa_channels.auth_middleware:__call__():22 - TokenAuthMiddleware: Received token: iATk0QJPNb4VjiB1FY0WuQdnA9jlc2
[INFO] 2025-06-23 16:30:17,818 rpa_channels.auth_middleware:get_user():35 - TokenAuthMiddleware: Access token found for user vaidz
[INFO] 2025-06-23 16:30:17,818 rpa_channels.auth_middleware:__call__():24 - TokenAuthMiddleware: User authenticated: True (user=vaidz)
[INFO] 2025-06-23 16:30:17,829 rpa_channels.consumers:connect():76 - RPAClientConsumer: Attempting to connect node_id=9b5e88d9-252c-4a00-8b0d-9f1e150f562d
[INFO] 2025-06-23 16:30:17,830 rpa_channels.consumers:connect():77 - RPAClientConsumer: User in scope: vaidz (is_authenticated=True)
[INFO] 2025-06-23 16:30:17,835 rpa_channels.consumers:connect():83 - RPAClientConsumer: Existing RPANode found for 9b5e88d9-252c-4a00-8b0d-9f1e150f562d (User: vaidz)
[INFO] 2025-06-23 16:30:17,974 rpa_channels.consumers:connect():89 - RPAClientConsumer: RPANode 9b5e88d9-252c-4a00-8b0d-9f1e150f562d marked as connected.
[INFO] 2025-06-23 16:30:17,974 rpa_channels.consumers:connect():110 - RPAClientConsumer: Node 9b5e88d9-252c-4a00-8b0d-9f1e150f562d added to group 'rpa_node_9b5e88d9-252c-4a00-8b0d-9f1e150f562d'.
[INFO] 2025-06-23 16:30:17,974 rpa_channels.consumers:connect():112 - RPAClientConsumer: Accepted WebSocket connection for node 9b5e88d9-252c-4a00-8b0d-9f1e150f562d.
[INFO] 2025-06-23 16:30:57,461 rpa_channels.consumers:disconnect():128 - RPAClientConsumer: Disconnecting node_id=9b5e88d9-252c-4a00-8b0d-9f1e150f562d (Code: 1006).
[INFO] 2025-06-23 16:30:57,463 rpa_channels.consumers:disconnect():134 - RPAClientConsumer: Node 9b5e88d9-252c-4a00-8b0d-9f1e150f562d removed from group.
[INFO] 2025-06-23 16:30:57,596 rpa_channels.consumers:disconnect():143 - RPAClientConsumer: RPANode 9b5e88d9-252c-4a00-8b0d-9f1e150f562d marked as disconnected.
[INFO] 2025-06-23 16:32:02,929 rpa_channels.auth_middleware:__call__():22 - TokenAuthMiddleware: Received token: iATk0QJPNb4VjiB1FY0WuQdnA9jlc2
[INFO] 2025-06-23 16:32:02,929 rpa_channels.auth_middleware:get_user():35 - TokenAuthMiddleware: Access token found for user vaidz
[INFO] 2025-06-23 16:32:02,929 rpa_channels.auth_middleware:__call__():24 - TokenAuthMiddleware: User authenticated: True (user=vaidz)
[INFO] 2025-06-23 16:32:02,940 rpa_channels.consumers:connect():76 - RPAClientConsumer: Attempting to connect node_id=9b5e88d9-252c-4a00-8b0d-9f1e150f562d
[INFO] 2025-06-23 16:32:02,942 rpa_channels.consumers:connect():77 - RPAClientConsumer: User in scope: vaidz (is_authenticated=True)
[INFO] 2025-06-23 16:32:02,948 rpa_channels.consumers:connect():83 - RPAClientConsumer: Existing RPANode found for 9b5e88d9-252c-4a00-8b0d-9f1e150f562d (User: vaidz)
[INFO] 2025-06-23 16:32:03,103 rpa_channels.consumers:connect():89 - RPAClientConsumer: RPANode 9b5e88d9-252c-4a00-8b0d-9f1e150f562d marked as connected.
[INFO] 2025-06-23 16:32:03,103 rpa_channels.consumers:connect():110 - RPAClientConsumer: Node 9b5e88d9-252c-4a00-8b0d-9f1e150f562d added to group 'rpa_node_9b5e88d9-252c-4a00-8b0d-9f1e150f562d'.
[INFO] 2025-06-23 16:32:03,103 rpa_channels.consumers:connect():112 - RPAClientConsumer: Accepted WebSocket connection for node 9b5e88d9-252c-4a00-8b0d-9f1e150f562d.
[INFO] 2025-06-23 16:32:03,448 rpa_channels.consumers:receive():157 - RPAClientConsumer: Received message from node 9b5e88d9-252c-4a00-8b0d-9f1e150f562d, type: file_upload
[WARNING] 2025-06-23 16:32:03,451 rpa_channels.consumers:receive():196 - RPAClientConsumer: Received unknown message type 'file_upload' from node 9b5e88d9-252c-4a00-8b0d-9f1e150f562d.
[INFO] 2025-06-23 16:32:33,547 rpa_channels.consumers:receive():157 - RPAClientConsumer: Received message from node 9b5e88d9-252c-4a00-8b0d-9f1e150f562d, type: file_upload
[WARNING] 2025-06-23 16:32:33,547 rpa_channels.consumers:receive():196 - RPAClientConsumer: Received unknown message type 'file_upload' from node 9b5e88d9-252c-4a00-8b0d-9f1e150f562d.
[INFO] 2025-06-23 16:32:35,835 rpa_channels.consumers:disconnect():128 - RPAClientConsumer: Disconnecting node_id=9b5e88d9-252c-4a00-8b0d-9f1e150f562d (Code: 1006).
[INFO] 2025-06-23 16:32:35,835 rpa_channels.consumers:disconnect():134 - RPAClientConsumer: Node 9b5e88d9-252c-4a00-8b0d-9f1e150f562d removed from group.
[INFO] 2025-06-23 16:32:35,931 rpa_channels.consumers:disconnect():143 - RPAClientConsumer: RPANode 9b5e88d9-252c-4a00-8b0d-9f1e150f562d marked as disconnected.
[DEBUG] 2025-06-25 11:37:00,769 oauthlib.oauth2.rfc6749.grant_types.authorization_code:validate_authorization_request():362 - Validating redirection uri http://localhost:8080/callback for client K0FSLUJiyw86d6wvZEguRauMjiU6fFmdBBRhivOZ.
[DEBUG] 2025-06-25 11:37:00,769 oauthlib.oauth2.rfc6749.grant_types.authorization_code:validate_authorization_request():362 - Validating redirection uri http://localhost:8080/callback for client K0FSLUJiyw86d6wvZEguRauMjiU6fFmdBBRhivOZ.
[DEBUG] 2025-06-25 11:37:00,802 oauthlib.oauth2.rfc6749.grant_types.base:_handle_redirects():228 - Using provided redirect_uri http://localhost:8080/callback
[DEBUG] 2025-06-25 11:37:00,804 oauthlib.oauth2.rfc6749.grant_types.base:_handle_redirects():228 - Using provided redirect_uri http://localhost:8080/callback
[DEBUG] 2025-06-25 11:37:00,811 oauthlib.oauth2.rfc6749.grant_types.base:validate_scopes():172 - Validating access to scopes ['rpa:connect', 'rpa:commands'] for client 'K0FSLUJiyw86d6wvZEguRauMjiU6fFmdBBRhivOZ' (<Application: RPA Client>).
[DEBUG] 2025-06-25 11:37:16,320 oauthlib.oauth2.rfc6749.endpoints.authorization:create_authorization_response():98 - Dispatching response_type code request to <oauthlib.oauth2.rfc6749.grant_types.authorization_code.AuthorizationCodeGrant object at 0x000002B2CE8ED760>.
[DEBUG] 2025-06-25 11:37:16,320 oauthlib.oauth2.rfc6749.grant_types.authorization_code:validate_authorization_request():362 - Validating redirection uri http://localhost:8080/callback for client K0FSLUJiyw86d6wvZEguRauMjiU6fFmdBBRhivOZ.
[DEBUG] 2025-06-25 11:37:16,320 oauthlib.oauth2.rfc6749.grant_types.base:_handle_redirects():228 - Using provided redirect_uri http://localhost:8080/callback
[DEBUG] 2025-06-25 11:37:16,320 oauthlib.oauth2.rfc6749.grant_types.base:validate_scopes():172 - Validating access to scopes ['rpa:connect', 'rpa:commands'] for client 'K0FSLUJiyw86d6wvZEguRauMjiU6fFmdBBRhivOZ' (<Application: RPA Client>).
[DEBUG] 2025-06-25 11:37:16,320 oauthlib.oauth2.rfc6749.grant_types.authorization_code:create_authorization_response():245 - Pre resource owner authorization validation ok for <oauthlib.Request SANITIZED>.
[DEBUG] 2025-06-25 11:37:16,320 oauthlib.oauth2.rfc6749.grant_types.authorization_code:create_authorization_code():170 - Created authorization code grant {'code': 'BDoWNIbmr7LFeLlBHX7Bhgp6n3kMjx', 'state': '6SvFGhRzRHaStyMJDJ5j6A'} for request <oauthlib.Request SANITIZED>.
[DEBUG] 2025-06-25 11:37:16,320 oauthlib.oauth2.rfc6749.grant_types.authorization_code:create_authorization_response():277 - Saving grant {'code': 'BDoWNIbmr7LFeLlBHX7Bhgp6n3kMjx', 'state': '6SvFGhRzRHaStyMJDJ5j6A'} for <oauthlib.Request SANITIZED>.
[DEBUG] 2025-06-25 11:37:17,718 oauth2_provider:form_valid():144 - Success url for the request: http://localhost:8080/callback?code=BDoWNIbmr7LFeLlBHX7Bhgp6n3kMjx&state=6SvFGhRzRHaStyMJDJ5j6A
[DEBUG] 2025-06-25 11:37:20,901 oauthlib.oauth2.rfc6749.endpoints.token:create_token_response():112 - Dispatching grant_type authorization_code request to <oauthlib.oauth2.rfc6749.grant_types.authorization_code.AuthorizationCodeGrant object at 0x000002B2CED57A30>.
[DEBUG] 2025-06-25 11:37:20,901 oauthlib.oauth2.rfc6749.grant_types.authorization_code:validate_token_request():532 - Using provided redirect_uri http://localhost:8080/callback
[DEBUG] 2025-06-25 11:37:20,901 oauthlib.oauth2.rfc6749.grant_types.authorization_code:create_token_response():301 - Token request validation ok for <oauthlib.Request SANITIZED>.
[INFO] 2025-06-25 11:37:24,790 rpa_channels.auth_middleware:__call__():22 - TokenAuthMiddleware: Received token: DWg160X3m9Wo0C9Nd69MEH1ARHzTTm
[INFO] 2025-06-25 11:37:24,806 rpa_channels.auth_middleware:get_user():35 - TokenAuthMiddleware: Access token found for user vaidz
[INFO] 2025-06-25 11:37:24,996 rpa_channels.auth_middleware:__call__():24 - TokenAuthMiddleware: User authenticated: True (user=vaidz)
[INFO] 2025-06-25 11:37:27,504 rpa_channels.consumers:connect():76 - RPAClientConsumer: Attempting to connect node_id=92de13e4-f42d-4443-b158-b4e6f7a5711a
[INFO] 2025-06-25 11:37:27,505 rpa_channels.consumers:connect():77 - RPAClientConsumer: User in scope: vaidz (is_authenticated=True)
[WARNING] 2025-06-25 11:37:27,541 rpa_channels.consumers:connect():91 - RPAClientConsumer: No existing RPANode for 92de13e4-f42d-4443-b158-b4e6f7a5711a (User: vaidz). Creating new one.
[INFO] 2025-06-25 11:37:28,387 rpa_channels.consumers:connect():101 - RPAClientConsumer: Created new RPANode 92de13e4-f42d-4443-b158-b4e6f7a5711a.
[INFO] 2025-06-25 11:37:28,387 rpa_channels.consumers:connect():110 - RPAClientConsumer: Node 92de13e4-f42d-4443-b158-b4e6f7a5711a added to group 'rpa_node_92de13e4-f42d-4443-b158-b4e6f7a5711a'.
[INFO] 2025-06-25 11:37:28,387 rpa_channels.consumers:connect():112 - RPAClientConsumer: Accepted WebSocket connection for node 92de13e4-f42d-4443-b158-b4e6f7a5711a.
[INFO] 2025-06-25 11:37:28,828 rpa_channels.consumers:receive():157 - RPAClientConsumer: Received message from node 92de13e4-f42d-4443-b158-b4e6f7a5711a, type: file_upload
[DEBUG] 2025-06-25 11:37:28,833 urllib3.connectionpool:_new_conn():241 - Starting new HTTP connection (1): your-batch-server:8001
